/usr/share/doc/openvpn/examples/sample-keys/client-ec.key
/usr/share/doc/openvpn/examples/sample-keys/ca.key
/var/lib/fwupd/pki/secret.key
/etc/ssl/private/ssl-cert-snakeoil.key
/etc/brlapi.key
root@DELRHDERS001U:~# sudo cp /home/clouduser/religare.in.key /etc/ssl/religare
root@DELRHDERS001U:~# ls -l /etc/ssl/religare
total 8
-rw-r----- 1 root root 2269 Jul 14 17:49 religare.in.crt
-rw------- 1 root root 1704 Jul 14 18:13 religare.in.key
root@DELRHDERS001U:~# sudo nano /etc/nginx/site-available/erapp
root@DELRHDERS001U:~# cd /etc/nginx/site-available/
-bash: cd: /etc/nginx/site-available/: No such file or directory
root@DELRHDERS001U:~# cd /etc/nginx/site-available
-bash: cd: /etc/nginx/site-available: No such file or directory
root@DELRHDERS001U:~# ^C
root@DELRHDERS001U:~# cd /etc/nginx/sites-available
root@DELRHDERS001U:/etc/nginx/sites-available# ls
default
root@DELRHDERS001U:/etc/nginx/sites-available# sudo nano /etc/nginx/site-available/erapp
root@DELRHDERS001U:/etc/nginx/sites-available# sudo nano /etc/nginx/sites-available/erapp
root@DELRHDERS001U:/etc/nginx/sites-available# sudo nano /etc/nginx/sites-available/erapp
root@DELRHDERS001U:/etc/nginx/sites-available# sudo ln -s /etc/nginx/sites-available/erapp /etc/nginx/sites-enabled/
root@DELRHDERS001U:/etc/nginx/sites-available# sudo nginx -t
nginx: [emerg] SSL_CTX_use_PrivateKey("/etc/ssl/religare/religare.in.key") failed (SSL: error:05800074:x509 certificate routines::key values mismatch)
nginx: configuration file /etc/nginx/nginx.conf test failed
root@DELRHDERS001U:/etc/nginx/sites-available# ^C
root@DELRHDERS001U:/etc/nginx/sites-available# openssl x509 -noout -modulus -in /etc/ssl/religare/religare.in.crt | openssl md5
openssl rsa -noout -modulus -in /etc/ssl/religare/religare.in.key | openssl md5
MD5(stdin)= f05e409e877cc19c8f16c83e43da11a1
MD5(stdin)= db20379cb9d7b117549eadad0e3493df
root@DELRHDERS001U:/etc/nginx/sites-available# sudo find / -type f -name "*.key" 2>/dev/null
/home/clouduser/ers.religare.in.key
/home/clouduser/religare.in.key
/usr/share/dns/root.key
/usr/share/doc/openvpn/examples/sample-keys/client-pass.key
/usr/share/doc/openvpn/examples/sample-keys/server.key
/usr/share/doc/openvpn/examples/sample-keys/client.key
/usr/share/doc/openvpn/examples/sample-keys/server-ec.key
/usr/share/doc/openvpn/examples/sample-keys/ta.key
/usr/share/doc/openvpn/examples/sample-keys/client-ec.key
/usr/share/doc/openvpn/examples/sample-keys/ca.key
/var/lib/fwupd/pki/secret.key
/etc/ssl/religare/religare.in.key
/etc/ssl/private/ssl-cert-snakeoil.key
/etc/brlapi.key
root@DELRHDERS001U:/etc/nginx/sites-available# openssl x509 -noout -modulus -in /etc/ssl/religare/religare.in.crt | openssl md5
MD5(stdin)= f05e409e877cc19c8f16c83e43da11a1
root@DELRHDERS001U:/etc/nginx/sites-available# openssl rsa -noout -modulus -in /etc/ssl/religare/religare.in.key | openssl md5
MD5(stdin)= db20379cb9d7b117549eadad0e3493df
root@DELRHDERS001U:/etc/nginx/sites-available# openssl rsa -noout -modulus -in /home/clouduser/ers.religare.in.key | openssl md5
MD5(stdin)= f05e409e877cc19c8f16c83e43da11a1
root@DELRHDERS001U:/etc/nginx/sites-available# sudo rm /etc/ssl/religare/religare.in.key
root@DELRHDERS001U:/etc/nginx/sites-available# sudo cp /home/clouduser/ers.religare.in.key /etc/ssl/religare/religare.in.key
root@DELRHDERS001U:/etc/nginx/sites-available# sudoi nginx -t
Command 'sudoi' not found, did you mean:
  command 'sudo' from deb sudo (1.9.9-1ubuntu2.4)
  command 'sudo' from deb sudo-ldap (1.9.9-1ubuntu2.4)
Try: apt install <deb name>
root@DELRHDERS001U:/etc/nginx/sites-available# sudo nginx -t
nginx: the configuration file /etc/nginx/nginx.conf syntax is ok
nginx: configuration file /etc/nginx/nginx.conf test is successful
root@DELRHDERS001U:/etc/nginx/sites-available# sudo systemctl reload  nginx
root@DELRHDERS001U:/etc/nginx/sites-available# sudo nano /etc/nginx/sites-available/erapp
root@DELRHDERS001U:/etc/nginx/sites-available#
